[backblue.gif]
[fade.gif]
[index.html]
[index-2.html]
[en.html]
[ajax/libs/nprogress/0.2.0/nprogress.min.css]
[assets/application-acc48a9d9545d84ab7644ac3913df11e5bf867e8f83dd0b179b80fb6cc89a765.css]
[apple-touch-icone4ea.png]
[favicon-32x32e4ea.png]
[favicon-16x16e4ea.png]
[sitee4ea.webmanifest]
[favicone4ea.ico]
[ru.html]
[en/faq.html]
[en/video.html]
[webt/vq/at/gd/vqatgdbmdjwtfa7otio0aynks0y.jpg]
[webt/h9/7f/wu/h97fwux93if06vcavx3ns2hs2sg.jpg]
[webt/4l/1m/yz/4l1myzvxygurvklz0gqfjhmnxio.jpg]
[assets/video-poster-3555deeb5810aab260c025745e13c852563edf096676db4bde5fbefb02159752.jpg]
[assets/version-2-desktop-0b54dc27a6860faaf7dedde4c13337952aee439c139b3a9806c0da4ed44f655d.mp4]
[assets/version-2-desktop-acab330c7b410809bfe28f770de873a909cd5869bc98aa925fe49530ae88aac7.webm]
[system/speakers/photos/000/000/004/main/RbxADhhQ.jpg]
[system/speakers/photos/000/000/007/main/Jaime-Gonzalo-bw.png]
[system/speakers/photos/000/000/006/main/Tamy_Ribeiro-new.png]
[system/speakers/photos/000/000/001/main/headshot.jpg]
[system/speakers/photos/000/000/002/main/lorenzo-rossi-mobile-marketing-italia.jpg]
[system/speakers/photos/000/000/005/main/fullsizeoutput_1f02_(1).jpg]
[system/speakers/photos/000/000/008/main/photo.jpg]
[system/speakers/photos/000/000/013/main/photo_2019-09-19_18-55-09.jpg]
[system/speakers/photos/000/000/015/main/13507167_1095893350456550_7321041614942191406_n_(1).jpg]
[system/speakers/photos/000/000/017/main/2019-09-26_12.07.39.jpg]
[system/speakers/photos/000/000/016/main/5c529cce79623.png]
[system/speakers/photos/000/000/009/main/Михаил_Наумов.jpg]
[system/speakers/photos/000/000/010/main/unnamed_(1).jpg]
[system/speakers/photos/000/000/011/main/Дизайн_без_названия_(22).png]
[system/speakers/photos/000/000/012/main/14363.jpg]
[system/speakers/photos/000/000/014/main/Курзяков.jpg]
[assets/e-legion-311d83a8405e3243a86cbe75ce2da3caaf254ac0eed87c21b90dc475d32d07b6.svg]
[assets/raec-62d2f154576188bebdd440cab624c980e11fbc02d6a78792cfd179edf2a8ceba.svg]
[system/partners/images/000/000/024/main/Ресурс_1.png]
[system/partners/images/000/000/001/main/Digital_Zone-color.png]
[system/partners/images/000/000/002/main/DZ-Systems-logo-color_(1).png]
[system/partners/images/000/000/056/main/eventsheep_3.png]
[system/partners/images/000/000/055/main/yodvisor.png]
[system/partners/images/000/000/057/main/eda.png]
[system/partners/images/000/000/034/main/INTERFAX_Logo_rus.png]
[system/partners/images/000/000/025/main/logo_tagline_label.png]
[system/partners/images/000/000/013/main/ikra.png]
[system/partners/images/000/000/026/main/difew_fj.png]
[system/partners/images/000/000/033/main/seonews.png]
[system/partners/images/000/000/049/main/Mediajobs-146x65.png]
[system/partners/images/000/000/009/main/лого1.png]
[system/partners/images/000/000/030/main/netology.png]
[system/partners/images/000/000/046/main/Allcafe-198x65.png]
[system/partners/images/000/000/047/main/BIT_COIN_NEWS_grey-65x65.png]
[system/partners/images/000/000/048/main/Kinoafisha-315x65.png]
[system/partners/images/000/000/035/main/RABU_LOGO.png]
[system/partners/images/000/000/037/main/MIF-214x65.png]
[system/partners/images/000/000/014/main/rpectr.png]
[system/partners/images/000/000/018/main/yjdsssss.png]
[system/partners/images/000/000/022/main/specia.png]
[system/partners/images/000/000/006/main/jobsora-250x50.png]
[system/partners/images/000/000/027/main/it_news.png]
[system/partners/images/000/000/032/main/spark.png]
[assets/katya-moskaleva-80f97304579c9ee563e6f549b103d7f4ba5213c74d9256ed6bc6f98ed4c46c22.jpg]
[ajax/libs/jquery/3.2.1/jquery.min.js]
[ajax/libs/nprogress/0.2.0/nprogress.min.js]
[metrika/tag.js]
[en_US/fbevents.js]
[tr1cf1.gif]
[en.html]
[ajax/libs/nprogress/0.2.0/nprogress.min.css]
[assets/map-static-b97dd8fba5ea16cdf1cdd55f607ac64e7e85be723e10c59a225dfe90a2f3dca4.jpg]
[assets/application-acc48a9d9545d84ab7644ac3913df11e5bf867e8f83dd0b179b80fb6cc89a765.css]
[css2281.css]
[safari-pinned-tabe4ea.svg]
[ru/faq.html]
[ru.html]
[ru/video.html]
[en/registration.html]
[en/faq.html]
[en/video.html]
[assets/e-legion-311d83a8405e3243a86cbe75ce2da3caaf254ac0eed87c21b90dc475d32d07b6.svg]
[assets/raec-62d2f154576188bebdd440cab624c980e11fbc02d6a78792cfd179edf2a8ceba.svg]
[en/code-of-conduct.html]
[assets/application-6c728ce9a79fd9e483efd01c39ef4a5e6c34fd121a2087e305f570ae418675c2.js]
[POST.52.delayed]
[en_US/fbevents.js]
[assets/icomoon-1e32183c9ef7bf56bb412883df35dc2e2718a0dc4bf5c9acea7efb7498772e52498d.eot]
[ru/registration.html]
[ru/faq.html]
[ru/video.html]
[en/registration.html]
[ru/code-of-conduct.html]
[en/info@mblt.ru]
[en/code-of-conduct.html]
[javascripts/api/runetid.js]
[assets/application-6c728ce9a79fd9e483efd01c39ef4a5e6c34fd121a2087e305f570ae418675c2.js]
[POST.html]
[ru/registration.html]
[ru/code-of-conduct.html]
[en/info@mblt.html]
